digraph {
0[label="XC {X, Z}"];
1[label="XC {X, Z}"];
2[label="XC {X, Z}"];
3[label="XC {X, Z}"];
4[label="XC {X, Y1, Y2}"];
5[label="FP"];
6[label="FP ON"];
0 -> 1;
1 -> 2;
2 -> 3;
2 -> 4;
4 -> 5;
4 -> 6;
}

